[Licensing::Module] Trying to connect to existing licensing client channel...
Built from '6000.2/staging' branch; Version is '6000.2.3f1 (c7638eb16d91) revision 13067150'; Using compiler version '194234433'; Build Type 'Release'
[Licensing::IpcConnector] Successfully connected to: "LicenseClient-jbman" at "2025-12-05T12:52:58.0597426Z"
OS: 'Windows 11  (10.0.26200) 64bit CoreSingleLanguage' Language: 'en' Physical Memory: 16088 MB
BatchMode: 1, IsHumanControllingUs: 0, StartBugReporterOnCrash: 0, Is64bit: 1
Date: 2025-12-05T12:52:58Z

COMMAND LINE ARGUMENTS:
C:\Program Files\Unity\Hub\Editor\6000.2.3f1\Editor\Unity.exe
-adb2
-batchMode
-noUpm
-name
AssetImportWorker2
-projectPath
C:/Users/jbman/Music/Minor project 2/Minor-Project-2
-logFile
Logs/AssetImportWorker2.log
-srvPort
49378
-licensingIpc
LicenseClient-jbman
-job-worker-count
5
-background-job-worker-count
8
-gc-helper-count
1
-name
AssetImport
Successfully changed project path to: C:/Users/jbman/Music/Minor project 2/Minor-Project-2
C:/Users/jbman/Music/Minor project 2/Minor-Project-2
[UnityMemory] Configuration Parameters - Can be set up in boot.config
    "memorysetup-allocator-temp-initial-block-size-main=262144"
    "memorysetup-allocator-temp-initial-block-size-worker=262144"
    "memorysetup-bucket-allocator-granularity=16"
    "memorysetup-bucket-allocator-bucket-count=8"
    "memorysetup-bucket-allocator-block-size=33554432"
    "memorysetup-bucket-allocator-block-count=8"
    "memorysetup-main-allocator-block-size=16777216"
    "memorysetup-thread-allocator-block-size=16777216"
    "memorysetup-gfx-main-allocator-block-size=16777216"
    "memorysetup-gfx-thread-allocator-block-size=16777216"
    "memorysetup-cache-allocator-block-size=4194304"
    "memorysetup-typetree-allocator-block-size=2097152"
    "memorysetup-profiler-bucket-allocator-granularity=16"
    "memorysetup-profiler-bucket-allocator-bucket-count=8"
    "memorysetup-profiler-bucket-allocator-block-size=33554432"
    "memorysetup-profiler-bucket-allocator-block-count=8"
    "memorysetup-profiler-allocator-block-size=16777216"
    "memorysetup-profiler-editor-allocator-block-size=1048576"
    "memorysetup-temp-allocator-size-main=16777216"
    "memorysetup-job-temp-allocator-block-size=2097152"
    "memorysetup-job-temp-allocator-block-size-background=1048576"
    "memorysetup-job-temp-allocator-reduction-small-platforms=262144"
    "memorysetup-temp-allocator-size-background-worker=32768"
    "memorysetup-temp-allocator-size-job-worker=262144"
    "memorysetup-temp-allocator-size-preload-manager=33554432"
    "memorysetup-temp-allocator-size-nav-mesh-worker=65536"
    "memorysetup-temp-allocator-size-audio-worker=65536"
    "memorysetup-temp-allocator-size-cloud-worker=32768"
    "memorysetup-temp-allocator-size-gi-baking-worker=262144"
    "memorysetup-temp-allocator-size-gi-baking-worker=262144"
    "memorysetup-temp-allocator-size-gi-baking-worker=262144"
    "memorysetup-temp-allocator-size-gi-baking-worker=262144"
    "memorysetup-temp-allocator-size-gi-baking-worker=262144"
    "memorysetup-temp-allocator-size-gfx=262144"
Player connection [14748]  Target information:

Player connection [14748]  * "[IP] 172.22.45.46 [Port] 0 [Flags] 2 [Guid] 2595124697 [EditorId] 2595124697 [Version] 1048832 [Id] WindowsEditor(7,JBMANIK) [Debug] 1 [PackageName] WindowsEditor [ProjectName] Editor" 

Player connection [14748] Host joined multi-casting on [225.0.0.222:54997]...
Player connection [14748] Host joined alternative multi-casting on [225.0.0.222:34997]...
JobSystem: Creating JobQueue using job-worker-count value 5
Input System module state changed to: Initialized.
[Physics::Module] Initialized fallback backend.
[Physics::Module] Id: 0xdecafbad
[Licensing::Client] Code 10 while verifying Licensing Client signature (process Id: 6944, path: "C:/Program Files/Unity Hub/UnityLicensingClient_V1/Unity.Licensing.Client.exe")
[Licensing::Module] LicensingClient has failed validation; ignoring
[Licensing::Client] Handshaking with LicensingClient:
  Version:                 1.17.3+a4e98f1
  Session Id:              605c0df3805a4e0f92800275b912d7f5
  Correlation Id:          eb35ebdf3a4345f6e3dcc4f3d07927ac
  External correlation Id: 2611593004967504379
  Machine Id:              lBmH1U6qQ6YbvZYLUoocAAaogTM=
[Licensing::Module] Successfully connected to LicensingClient on channel: "LicenseClient-jbman" (connect: 0.00s, validation: 0.01s, handshake: 0.13s)
[Licensing::IpcConnector] Successfully connected to: "LicenseClient-jbman-notifications" at "2025-12-05T12:52:58.193887Z"
[Licensing::Module] Licensing Background thread has ended after 0.14s
Library Redirect Path: Library/
[Physics::Module] Selected backend.
[Physics::Module] Name: PhysX
[Physics::Module] Id: 0xf2b8ea05
[Physics::Module] SDK Version: 4.1.2
[Physics::Module] Integration Version: 1.0.0
[Physics::Module] Threading Mode: Multi-Threaded
Refreshing native plugins compatible for Editor in 5.74 ms, found 4 plugins.
Preloading 0 native plugins for Editor in 0.00 ms.
Initialize engine version: 6000.2.3f1 (c7638eb16d91)
[Subsystems] Discovering subsystems at path C:/Program Files/Unity/Hub/Editor/6000.2.3f1/Editor/Data/Resources/UnitySubsystems
[Subsystems] Discovering subsystems at path C:/Users/jbman/Music/Minor project 2/Minor-Project-2/Assets
GfxDevice: creating device client; kGfxThreadingModeNonThreaded
d3d12: failed to query info queue interface (0x80004002).
Direct3D:
    Version:         Direct3D 12 [level 12.1]
    Renderer:        NVIDIA GeForce RTX 4050 Laptop GPU (ID=0x28a1)
    Vendor:          NVIDIA
    VRAM:            5920 MB
    App VRAM Budget: 5152 MB
    Driver:          32.0.15.9144
Initialize mono
Mono path[0] = 'C:/Program Files/Unity/Hub/Editor/6000.2.3f1/Editor/Data/Managed'
Mono path[1] = 'C:/Program Files/Unity/Hub/Editor/6000.2.3f1/Editor/Data/MonoBleedingEdge/lib/mono/unityjit-win32'
Mono config path = 'C:/Program Files/Unity/Hub/Editor/6000.2.3f1/Editor/Data/MonoBleedingEdge/etc'
Using monoOptions --debugger-agent=transport=dt_socket,embedding=1,server=y,suspend=n,address=127.0.0.1:56356
Begin MonoManager ReloadAssembly
Registering precompiled unity dll's ...
Register platform support module: C:/Program Files/Unity/Hub/Editor/6000.2.3f1/Editor/Data/PlaybackEngines/WebGLSupport/UnityEditor.WebGL.Extensions.dll
Register platform support module: C:/Program Files/Unity/Hub/Editor/6000.2.3f1/Editor/Data/PlaybackEngines/MacStandaloneSupport/UnityEditor.OSXStandalone.Extensions.dll
[Licensing::Client] Successfully resolved entitlement details
[Licensing::Module] License group:
  Id: 13469578139370-UnityPersXXXX
  Product: Unity Personal
  Type: Assigned
  Expiration: Unlimited
Register platform support module: C:/Program Files/Unity/Hub/Editor/6000.2.3f1/Editor/Data/PlaybackEngines/VisionOSPlayer/UnityEditor.VisionOS.Extensions.dll
Register platform support module: C:/Program Files/Unity/Hub/Editor/6000.2.3f1/Editor/Data/PlaybackEngines/WindowsStandaloneSupport/UnityEditor.WindowsStandalone.Extensions.dll
[Licensing::Client] Successfully resolved entitlement details
Register platform support module: C:/Program Files/Unity/Hub/Editor/6000.2.3f1/Editor/Data/PlaybackEngines/MetroSupport/UnityEditor.UWP.Extensions.dll
[Licensing::Client] Successfully resolved entitlement details
Register platform support module: C:/Program Files/Unity/Hub/Editor/6000.2.3f1/Editor/Data/PlaybackEngines/AndroidPlayer/UnityEditor.Android.Extensions.dll
Register platform support module: C:/Program Files/Unity/Hub/Editor/6000.2.3f1/Editor/Data/PlaybackEngines/iOSSupport/UnityEditor.iOS.Extensions.dll
Register platform support module: C:/Program Files/Unity/Hub/Editor/6000.2.3f1/Editor/Data/PlaybackEngines/AppleTVSupport/UnityEditor.AppleTV.Extensions.dll
Register platform support module: C:/Program Files/Unity/Hub/Editor/6000.2.3f1/Editor/Data/PlaybackEngines/LinuxStandaloneSupport/UnityEditor.LinuxStandalone.Extensions.dll
Registered in 0.045825 seconds.
- Loaded All Assemblies, in  1.156 seconds
Native extension for LinuxStandalone target not found
[usbmuxd] Start listen thread
[usbmuxd] Listen thread started
Native extension for AppleTV target not found
[usbmuxd] Start listen thread
[usbmuxd] Listen thread started
Native extension for iOS target not found
Native extension for Android target not found
Android Extension - Scanning For ADB Devices 356 ms
Native extension for UWP target not found
Native extension for WindowsStandalone target not found
Failed to load: C:/Program Files/Unity/Hub/Editor/6000.2.3f1/Editor/Data/PlaybackEngines/VisionOSPlayer\x64\UnityEditor.VisionOS.Native.dll
Native extension for VisionOS target not found
Native extension for OSXStandalone target not found
Native extension for WebGL target not found
Mono: successfully reloaded assembly
- Finished resetting the current domain, in  1.087 seconds
Domain Reload Profiling: 2231ms
	BeginReloadAssembly (289ms)
		ExecutionOrderSort (0ms)
		DisableScriptedObjects (0ms)
		BackupInstance (0ms)
		ReleaseScriptingObjects (0ms)
		CreateAndSetChildDomain (1ms)
	RebuildCommonClasses (102ms)
	RebuildNativeTypeToScriptingClass (36ms)
	initialDomainReloadingComplete (201ms)
	LoadAllAssembliesAndSetupDomain (515ms)
		LoadAssemblies (293ms)
		RebuildTransferFunctionScriptingTraits (0ms)
		AnalyzeDomain (498ms)
			TypeCache.Refresh (495ms)
				TypeCache.ScanAssembly (469ms)
			BuildScriptInfoCaches (0ms)
			ResolveRequiredComponents (1ms)
	FinalizeReload (1088ms)
		ReleaseScriptCaches (0ms)
		RebuildScriptCaches (0ms)
		SetupLoadedEditorAssemblies (1006ms)
			LogAssemblyErrors (0ms)
			InitializePlatformSupportModulesInManaged (577ms)
			SetLoadedEditorAssemblies (6ms)
			BeforeProcessingInitializeOnLoad (93ms)
			ProcessInitializeOnLoadAttributes (214ms)
			ProcessInitializeOnLoadMethodAttributes (116ms)
			AfterProcessingInitializeOnLoad (0ms)
			EditorAssembliesLoaded (0ms)
		ExecutionOrderSort2 (0ms)
		AwakeInstancesAfterBackupRestoration (0ms)
Assembly reference Packages/com.unity.cinemachine/Editor/Samples/ExposeHDRPInternals/HDRP-Editor-ref.asmref has no target assembly definition
========================================================================
Worker process is ready to serve import requests
Import Worker Mode flag is 0x00
Assembly reference Packages/com.unity.cinemachine/Editor/Samples/ExposeHDRPInternals/HDRP-Editor-ref.asmref has no target assembly definition
Assembly reference Packages/com.unity.cinemachine/Editor/Samples/ExposeHDRPInternals/HDRP-Editor-ref.asmref has no target assembly definition
Begin MonoManager ReloadAssembly
[Licensing::Client] Successfully resolved entitlement details
Symbol file LoadedFromMemory is not a mono symbol file
- Loaded All Assemblies, in  2.184 seconds
Assembly reference Packages/com.unity.cinemachine/Editor/Samples/ExposeHDRPInternals/HDRP-Editor-ref.asmref has no target assembly definition
'Packages/com.unity.cinemachine/Editor/Obsolete/CinemachineVirtualCameraBaseEditor.cs' contains partial class of Unity.Object, exactly 1 of the partial classes needs to be in a file with the same filename. This is to know the one that can be referenced from ie. GameObjects
'Packages/com.unity.cinemachine/Editor/Editors/CinemachineVirtualCameraBaseEditor.cs' contains partial class of Unity.Object, exactly 1 of the partial classes needs to be in a file with the same filename. This is to know the one that can be referenced from ie. GameObjects
Refreshing native plugins compatible for Editor in 4.09 ms, found 4 plugins.
Native extension for LinuxStandalone target not found
Native extension for AppleTV target not found
Native extension for iOS target not found
Native extension for Android target not found
Native extension for UWP target not found
Native extension for WindowsStandalone target not found
Failed to load: C:/Program Files/Unity/Hub/Editor/6000.2.3f1/Editor/Data/PlaybackEngines/VisionOSPlayer\x64\UnityEditor.VisionOS.Native.dll
Native extension for VisionOS target not found
Native extension for OSXStandalone target not found
Native extension for WebGL target not found
Assembly reference Packages/com.unity.cinemachine/Editor/Samples/ExposeHDRPInternals/HDRP-Editor-ref.asmref has no target assembly definition
Package Manager log level set to [2]
[Package Manager] Failed to launch server process. Reason: Unity was launched with the -noUpm command-line argument
[Package Manager] Unable to send message (not connected to server process).
[Package Manager] Cannot connect to Unity Package Manager local server
[Package Manager] Failed to launch server process. Reason: Unity was launched with the -noUpm command-line argument
[Package Manager] Unable to send message (not connected to server process).
[Package Manager] Cannot connect to Unity Package Manager local server
Mono: successfully reloaded assembly
- Finished resetting the current domain, in  1.527 seconds
Domain Reload Profiling: 3702ms
	BeginReloadAssembly (244ms)
		ExecutionOrderSort (0ms)
		DisableScriptedObjects (8ms)
		BackupInstance (0ms)
		ReleaseScriptingObjects (0ms)
		CreateAndSetChildDomain (35ms)
	RebuildCommonClasses (71ms)
	RebuildNativeTypeToScriptingClass (27ms)
	initialDomainReloadingComplete (93ms)
	LoadAllAssembliesAndSetupDomain (1739ms)
		LoadAssemblies (753ms)
		RebuildTransferFunctionScriptingTraits (0ms)
		AnalyzeDomain (1128ms)
			TypeCache.Refresh (879ms)
				TypeCache.ScanAssembly (843ms)
			BuildScriptInfoCaches (211ms)
			ResolveRequiredComponents (27ms)
	FinalizeReload (1528ms)
		ReleaseScriptCaches (0ms)
		RebuildScriptCaches (0ms)
		SetupLoadedEditorAssemblies (1337ms)
			LogAssemblyErrors (0ms)
			InitializePlatformSupportModulesInManaged (47ms)
			SetLoadedEditorAssemblies (6ms)
			BeforeProcessingInitializeOnLoad (346ms)
			ProcessInitializeOnLoadAttributes (697ms)
			ProcessInitializeOnLoadMethodAttributes (230ms)
			AfterProcessingInitializeOnLoad (11ms)
			EditorAssembliesLoaded (1ms)
		ExecutionOrderSort2 (0ms)
		AwakeInstancesAfterBackupRestoration (13ms)
WARNING: Shader Unsupported: 'Hidden/Universal Render Pipeline/Terrain/Lit (Base Pass)' - All subshaders removed
WARNING: Shader Did you use #pragma only_renderers and omit this platform?
WARNING: Shader If subshaders removal was intentional, you may have forgotten turning Fallback off?
WARNING: Shader Unsupported: 'Hidden/Universal Render Pipeline/Terrain/Lit (Base Pass)' - All subshaders removed
WARNING: Shader Did you use #pragma only_renderers and omit this platform?
WARNING: Shader If subshaders removal was intentional, you may have forgotten turning Fallback off?
WARNING: Shader Unsupported: 'Universal Render Pipeline/Terrain/Lit' - All subshaders removed
WARNING: Shader Did you use #pragma only_renderers and omit this platform?
WARNING: Shader If subshaders removal was intentional, you may have forgotten turning Fallback off?
WARNING: Shader Unsupported: 'Universal Render Pipeline/Terrain/Lit' - All subshaders removed
WARNING: Shader Did you use #pragma only_renderers and omit this platform?
WARNING: Shader If subshaders removal was intentional, you may have forgotten turning Fallback off?
Launched and connected shader compiler UnityShaderCompiler.exe after 0.03 seconds
Refreshing native plugins compatible for Editor in 3.17 ms, found 4 plugins.
Preloading 0 native plugins for Editor in 0.00 ms.
Unloading 34 Unused Serialized files (Serialized files now loaded: 0)
Unloading 7189 unused Assets / (6.9 MB). Loaded Objects now: 7752.
Memory consumption went from 141.6 MB to 134.7 MB.
Total: 11.752500 ms (FindLiveObjects: 0.829600 ms CreateObjectMapping: 0.782600 ms MarkObjects: 6.555800 ms  DeleteObjects: 3.582500 ms)

========================================================================
Received Import Request.
  Time since last request: 4318.082198 seconds.
  path: Assets/Player/Root Games- Unity 6 Game Dev Journey/UI/DialogueIcons/Dialogue_Icons_16x16.png
  artifactKey: Guid(dc66a3033f530b34990b968f68c84c5c) Importer(815301076,1909f56bfc062723c751e8b465ee728b)
Start importing Assets/Player/Root Games- Unity 6 Game Dev Journey/UI/DialogueIcons/Dialogue_Icons_16x16.png using Guid(dc66a3033f530b34990b968f68c84c5c) Importer(815301076,1909f56bfc062723c751e8b465ee728b) (PreviewImporter) -> (artifact id: '2f9506b21bbceb6afaccb040826773f4') in 0.2635931 seconds
Number of updated asset objects reloaded before import = 0Number of asset objects unloaded after import = 4

========================================================================
Received Import Request.
  Time since last request: 0.000059 seconds.
  path: Assets/Player/Root Games- Unity 6 Game Dev Journey/Enemies/Enemy_Melee/Enemy_Melee_Attack_64x46.png
  artifactKey: Guid(242e1fc0622f99f4aa6837c6df93222a) Importer(815301076,1909f56bfc062723c751e8b465ee728b)
Start importing Assets/Player/Root Games- Unity 6 Game Dev Journey/Enemies/Enemy_Melee/Enemy_Melee_Attack_64x46.png using Guid(242e1fc0622f99f4aa6837c6df93222a) Importer(815301076,1909f56bfc062723c751e8b465ee728b) (PreviewImporter) -> (artifact id: 'e05d02bd997ac2e0e345df993d100982') in 0.1369712 seconds
Number of updated asset objects reloaded before import = 0Number of asset objects unloaded after import = 8

========================================================================
Received Import Request.
  Time since last request: 0.000039 seconds.
  path: Assets/Player/Root Games- Unity 6 Game Dev Journey/Weapons/ShootingEffects/Effect_Small_v2_22x18.png
  artifactKey: Guid(ca5dd3174ec83944192da757496692e2) Importer(815301076,1909f56bfc062723c751e8b465ee728b)
Start importing Assets/Player/Root Games- Unity 6 Game Dev Journey/Weapons/ShootingEffects/Effect_Small_v2_22x18.png using Guid(ca5dd3174ec83944192da757496692e2) Importer(815301076,1909f56bfc062723c751e8b465ee728b) (PreviewImporter) -> (artifact id: '68b2aacbd5f959125589c89ede65e59d') in 0.0456576 seconds
Number of updated asset objects reloaded before import = 0Number of asset objects unloaded after import = 4

========================================================================
Received Import Request.
  Time since last request: 0.322462 seconds.
  path: Assets/Player/Root Games- Unity 6 Game Dev Journey/Enemies/Enemy_Melee/Enemy_Melee_Death_64x46.png
  artifactKey: Guid(f90281e374d260f49a7ea8590a61b366) Importer(815301076,1909f56bfc062723c751e8b465ee728b)
Start importing Assets/Player/Root Games- Unity 6 Game Dev Journey/Enemies/Enemy_Melee/Enemy_Melee_Death_64x46.png using Guid(f90281e374d260f49a7ea8590a61b366) Importer(815301076,1909f56bfc062723c751e8b465ee728b) (PreviewImporter) -> (artifact id: '9bbd2fb49605194ca5666e15ad67e592') in 0.1820693 seconds
Number of updated asset objects reloaded before import = 0Number of asset objects unloaded after import = 29

========================================================================
Received Import Request.
  Time since last request: 0.000049 seconds.
  path: Assets/Player/Root Games- Unity 6 Game Dev Journey/Sprites/Enemies/EnemyRange/Enemy_Range_Walk_30x34.png
  artifactKey: Guid(fb218e7eeb906ff4da2684709fceda1a) Importer(815301076,1909f56bfc062723c751e8b465ee728b)
Start importing Assets/Player/Root Games- Unity 6 Game Dev Journey/Sprites/Enemies/EnemyRange/Enemy_Range_Walk_30x34.png using Guid(fb218e7eeb906ff4da2684709fceda1a) Importer(815301076,1909f56bfc062723c751e8b465ee728b) (PreviewImporter) -> (artifact id: '3ed18626840f1195fb206cc70f3fcf7e') in 0.0587945 seconds
Number of updated asset objects reloaded before import = 0Number of asset objects unloaded after import = 7

========================================================================
Received Import Request.
  Time since last request: 0.000045 seconds.
  path: Assets/Player/Root Games- Unity 6 Game Dev Journey/Sprites/Enemies/EnemySmall/Enemy_Small_Move_40x30.png
  artifactKey: Guid(a21f3f5d827d4034d85baf0001769686) Importer(815301076,1909f56bfc062723c751e8b465ee728b)
Start importing Assets/Player/Root Games- Unity 6 Game Dev Journey/Sprites/Enemies/EnemySmall/Enemy_Small_Move_40x30.png using Guid(a21f3f5d827d4034d85baf0001769686) Importer(815301076,1909f56bfc062723c751e8b465ee728b) (PreviewImporter) -> (artifact id: 'fa9964a564309e05f5eff939fc97c700') in 0.0944697 seconds
Number of updated asset objects reloaded before import = 0Number of asset objects unloaded after import = 10

========================================================================
Received Import Request.
  Time since last request: 0.000031 seconds.
  path: Assets/Player/Root Games- Unity 6 Game Dev Journey/Sprites/Enemies/EnemySmall/Enemy_Small_Death_40x30.png
  artifactKey: Guid(ab8e8d8eab8f37e4ca89bcad7305c8e4) Importer(815301076,1909f56bfc062723c751e8b465ee728b)
Start importing Assets/Player/Root Games- Unity 6 Game Dev Journey/Sprites/Enemies/EnemySmall/Enemy_Small_Death_40x30.png using Guid(ab8e8d8eab8f37e4ca89bcad7305c8e4) Importer(815301076,1909f56bfc062723c751e8b465ee728b) (PreviewImporter) -> (artifact id: '102edb3297ecdc6b798ac347c4c6dbdb') in 0.0985201 seconds
Number of updated asset objects reloaded before import = 0Number of asset objects unloaded after import = 9

========================================================================
Received Import Request.
  Time since last request: 0.000045 seconds.
  path: Assets/Player/Root Games- Unity 6 Game Dev Journey/Sprites/Enemies/EnemyRange/Enemy_Range_Idle_30x34.png
  artifactKey: Guid(36369be6ac8a0954d8561fd1d23d1948) Importer(815301076,1909f56bfc062723c751e8b465ee728b)
Start importing Assets/Player/Root Games- Unity 6 Game Dev Journey/Sprites/Enemies/EnemyRange/Enemy_Range_Idle_30x34.png using Guid(36369be6ac8a0954d8561fd1d23d1948) Importer(815301076,1909f56bfc062723c751e8b465ee728b) (PreviewImporter) -> (artifact id: '3d138d94efa8b1899a3dd31df10734d4') in 0.0787516 seconds
Number of updated asset objects reloaded before import = 0Number of asset objects unloaded after import = 7

========================================================================
Received Import Request.
  Time since last request: 0.000077 seconds.
  path: Assets/Player/Root Games- Unity 6 Game Dev Journey/Sprites/Enemies/EnemyRange/Enemy_Range_Shoot_30x34.png
  artifactKey: Guid(a7f472525fe09d744966dbf1b2f842de) Importer(815301076,1909f56bfc062723c751e8b465ee728b)
Start importing Assets/Player/Root Games- Unity 6 Game Dev Journey/Sprites/Enemies/EnemyRange/Enemy_Range_Shoot_30x34.png using Guid(a7f472525fe09d744966dbf1b2f842de) Importer(815301076,1909f56bfc062723c751e8b465ee728b) (PreviewImporter) -> (artifact id: '90602ce01e34efac370dbdebebf64159') in 0.07305 seconds
Number of updated asset objects reloaded before import = 0Number of asset objects unloaded after import = 6

========================================================================
Received Import Request.
  Time since last request: 0.000113 seconds.
  path: Assets/Player/Root Games- Unity 6 Game Dev Journey/BossLevel/Ground_BossLevel.png
  artifactKey: Guid(92cb73c47afc78740b15ce770f950e39) Importer(815301076,1909f56bfc062723c751e8b465ee728b)
Start importing Assets/Player/Root Games- Unity 6 Game Dev Journey/BossLevel/Ground_BossLevel.png using Guid(92cb73c47afc78740b15ce770f950e39) Importer(815301076,1909f56bfc062723c751e8b465ee728b) (PreviewImporter) -> (artifact id: '31b7f752618a98272cddad65525f1f48') in 0.050587 seconds
Number of updated asset objects reloaded before import = 0Number of asset objects unloaded after import = 3

========================================================================
Received Import Request.
  Time since last request: 0.000040 seconds.
  path: Assets/Player/Root Games- Unity 6 Game Dev Journey/Sprites/Fonts/Pixel Square 10.ttf
  artifactKey: Guid(cc1d08090acfcbb419be27528660e3cb) Importer(815301076,1909f56bfc062723c751e8b465ee728b)
Start importing Assets/Player/Root Games- Unity 6 Game Dev Journey/Sprites/Fonts/Pixel Square 10.ttf using Guid(cc1d08090acfcbb419be27528660e3cb) Importer(815301076,1909f56bfc062723c751e8b465ee728b) (PreviewImporter) -> (artifact id: '34a80faea93fdc5793b6f6c15e677265') in 0.1987408 seconds
Number of updated asset objects reloaded before import = 0Number of asset objects unloaded after import = 4

========================================================================
Received Import Request.
  Time since last request: 0.000048 seconds.
  path: Assets/Player/Root Games- Unity 6 Game Dev Journey/Levels/Level_1/Level_1_Background_3.png
  artifactKey: Guid(80680080584a557449eb8b05b104673e) Importer(815301076,1909f56bfc062723c751e8b465ee728b)
Start importing Assets/Player/Root Games- Unity 6 Game Dev Journey/Levels/Level_1/Level_1_Background_3.png using Guid(80680080584a557449eb8b05b104673e) Importer(815301076,1909f56bfc062723c751e8b465ee728b) (PreviewImporter) -> (artifact id: '2b57e0c9c144279fdf29629938cccd43') in 0.0674683 seconds
Number of updated asset objects reloaded before import = 0Number of asset objects unloaded after import = 5

========================================================================
Received Import Request.
  Time since last request: 0.000073 seconds.
  path: Assets/Player/Root Games- Unity 6 Game Dev Journey/Enemies/EnemyRange/Enemy_Range_Shoot_30x34.png
  artifactKey: Guid(b45b5d9873a6ac34e8f77f5fa7843433) Importer(815301076,1909f56bfc062723c751e8b465ee728b)
Start importing Assets/Player/Root Games- Unity 6 Game Dev Journey/Enemies/EnemyRange/Enemy_Range_Shoot_30x34.png using Guid(b45b5d9873a6ac34e8f77f5fa7843433) Importer(815301076,1909f56bfc062723c751e8b465ee728b) (PreviewImporter) -> (artifact id: '5c5848a1a0bff33e61940e167febc7fa') in 0.0668877 seconds
Number of updated asset objects reloaded before import = 0Number of asset objects unloaded after import = 6

========================================================================
Received Import Request.
  Time since last request: 38.685320 seconds.
  path: Assets/Player/Root Games- Unity 6 Game Dev Journey/Sprites/Player_Main_Animations/Player_Crouch_30x34.png
  artifactKey: Guid(8184e8c2ed2bdcc4fb2e1166aabcc57d) Importer(815301076,1909f56bfc062723c751e8b465ee728b)
Start importing Assets/Player/Root Games- Unity 6 Game Dev Journey/Sprites/Player_Main_Animations/Player_Crouch_30x34.png using Guid(8184e8c2ed2bdcc4fb2e1166aabcc57d) Importer(815301076,1909f56bfc062723c751e8b465ee728b) (PreviewImporter) -> (artifact id: 'aa9650340035ec4a8de66e6a0dd06948') in 0.0453356 seconds
Number of updated asset objects reloaded before import = 0Number of asset objects unloaded after import = 4

========================================================================
Received Import Request.
  Time since last request: 0.411346 seconds.
  path: Assets/Player/Root Games- Unity 6 Game Dev Journey/Sprites/Platforms/Platforms.png
  artifactKey: Guid(71562aed7c324cf4e9cbb43e89db134e) Importer(815301076,1909f56bfc062723c751e8b465ee728b)
Start importing Assets/Player/Root Games- Unity 6 Game Dev Journey/Sprites/Platforms/Platforms.png using Guid(71562aed7c324cf4e9cbb43e89db134e) Importer(815301076,1909f56bfc062723c751e8b465ee728b) (PreviewImporter) -> (artifact id: 'a25ba9ee1d9bfe032be4fe51658368f2') in 0.0701572 seconds
Number of updated asset objects reloaded before import = 0Number of asset objects unloaded after import = 8

========================================================================
Received Import Request.
  Time since last request: 0.011815 seconds.
  path: Assets/Player/Root Games- Unity 6 Game Dev Journey/Minimap/MinimapColors_16x16.png
  artifactKey: Guid(6e7c48e2a62a11745840aec70a76a93a) Importer(815301076,1909f56bfc062723c751e8b465ee728b)
Start importing Assets/Player/Root Games- Unity 6 Game Dev Journey/Minimap/MinimapColors_16x16.png using Guid(6e7c48e2a62a11745840aec70a76a93a) Importer(815301076,1909f56bfc062723c751e8b465ee728b) (PreviewImporter) -> (artifact id: '27ff8316c4ef119d86e832e4da08f633') in 0.0369478 seconds
Number of updated asset objects reloaded before import = 0Number of asset objects unloaded after import = 3

========================================================================
Received Import Request.
  Time since last request: 0.000099 seconds.
  path: Assets/Player/Root Games- Unity 6 Game Dev Journey/Platforms/Platforms.png
  artifactKey: Guid(1e128b971cf59e242938de5ba82994a0) Importer(815301076,1909f56bfc062723c751e8b465ee728b)
Start importing Assets/Player/Root Games- Unity 6 Game Dev Journey/Platforms/Platforms.png using Guid(1e128b971cf59e242938de5ba82994a0) Importer(815301076,1909f56bfc062723c751e8b465ee728b) (PreviewImporter) -> (artifact id: '3818c1babb709fda956116513ee1b501') in 0.0506129 seconds
Number of updated asset objects reloaded before import = 0Number of asset objects unloaded after import = 8

========================================================================
Received Import Request.
  Time since last request: 0.255460 seconds.
  path: Assets/Player/Root Games- Unity 6 Game Dev Journey/Levels/Level_3/Level_3_Background_3.png
  artifactKey: Guid(acde2fc537e06f94baaa024f3dfc9ca6) Importer(815301076,1909f56bfc062723c751e8b465ee728b)
Start importing Assets/Player/Root Games- Unity 6 Game Dev Journey/Levels/Level_3/Level_3_Background_3.png using Guid(acde2fc537e06f94baaa024f3dfc9ca6) Importer(815301076,1909f56bfc062723c751e8b465ee728b) (PreviewImporter) -> (artifact id: '46af26d3ca54014c1a9c68a5470e4389') in 0.0560944 seconds
Number of updated asset objects reloaded before import = 0Number of asset objects unloaded after import = 5

========================================================================
Received Import Request.
  Time since last request: 0.000027 seconds.
  path: Assets/Player/Root Games- Unity 6 Game Dev Journey/Minimap/Minimap_Outline_256x144.png
  artifactKey: Guid(f7b18bf31610efd489215f1e6674d298) Importer(815301076,1909f56bfc062723c751e8b465ee728b)
Start importing Assets/Player/Root Games- Unity 6 Game Dev Journey/Minimap/Minimap_Outline_256x144.png using Guid(f7b18bf31610efd489215f1e6674d298) Importer(815301076,1909f56bfc062723c751e8b465ee728b) (PreviewImporter) -> (artifact id: '7a081597d7bbca40a450bae048c80f8e') in 0.0466514 seconds
Number of updated asset objects reloaded before import = 0Number of asset objects unloaded after import = 3

========================================================================
Received Import Request.
  Time since last request: 0.261495 seconds.
  path: Assets/Player/Root Games- Unity 6 Game Dev Journey/Levels/Level_2/Level_2_Template.png
  artifactKey: Guid(fd6c5dfcd5f8f43498e396970d117af5) Importer(815301076,1909f56bfc062723c751e8b465ee728b)
Start importing Assets/Player/Root Games- Unity 6 Game Dev Journey/Levels/Level_2/Level_2_Template.png using Guid(fd6c5dfcd5f8f43498e396970d117af5) Importer(815301076,1909f56bfc062723c751e8b465ee728b) (PreviewImporter) -> (artifact id: '640c21bdcad4af66da37ddc11a7772ae') in 0.0591047 seconds
Number of updated asset objects reloaded before import = 0Number of asset objects unloaded after import = 6

========================================================================
Received Import Request.
  Time since last request: 0.000033 seconds.
  path: Assets/Player/Root Games- Unity 6 Game Dev Journey/Levels/Level_3/Level_3_Background_2.png
  artifactKey: Guid(ec199b48d6afd454dba90a6684dc02c7) Importer(815301076,1909f56bfc062723c751e8b465ee728b)
Start importing Assets/Player/Root Games- Unity 6 Game Dev Journey/Levels/Level_3/Level_3_Background_2.png using Guid(ec199b48d6afd454dba90a6684dc02c7) Importer(815301076,1909f56bfc062723c751e8b465ee728b) (PreviewImporter) -> (artifact id: '2b008ab3f8ec097904dfa27c8e6afd6f') in 0.0570678 seconds
Number of updated asset objects reloaded before import = 0Number of asset objects unloaded after import = 4

Editor requested this worker to shutdown with reason: Scaling down because of idle timeout
AssetImportWorker is now disconnected from the server
Process exiting
Exiting without the bug reporter. Application will terminate with return code 0